Name: CCTV-1, URL: http://t.061899.xyz/tl/tl.php?id=cctv1, From: subscribe, IPv_Type: ipv6, Location: 美国, ISP: CloudFlare Inc., Date: None, Delay: 3467 ms, Speed: 0.00 M/s, Resolution: 1920x1080
Name: CCTV-1, URL: http://t.061899.xyz/tl/tl.php?id=cctv1, From: subscribe, IPv_Type: ipv6, Location: 美国, ISP: CloudFlare Inc., Date: None, Delay: 3467 ms, Speed: 0.00 M/s, Resolution: 1920x1080
Name: CCTV-2, URL: http://t.061899.xyz/tl/tl.php?id=cctv2, From: subscribe, IPv_Type: ipv6, Location: 美国, ISP: CloudFlare Inc., Date: None, Delay: 3467 ms, Speed: 0.00 M/s, Resolution: 1920x1080
Name: CCTV-3, URL: http://t.061899.xyz/tl/tl.php?id=cctv3, From: subscribe, IPv_Type: ipv6, Location: 美国, ISP: CloudFlare Inc., Date: None, Delay: 3467 ms, Speed: 0.00 M/s, Resolution: 1920x1080
Name: CCTV-4, URL: http://t.061899.xyz/tl/tl.php?id=cctv4, From: subscribe, IPv_Type: ipv6, Location: 美国, ISP: CloudFlare Inc., Date: None, Delay: 3467 ms, Speed: 0.00 M/s, Resolution: 1920x1080
Name: CCTV-5, URL: http://t.061899.xyz/tl/tl.php?id=cctv5, From: subscribe, IPv_Type: ipv6, Location: 美国, ISP: CloudFlare Inc., Date: None, Delay: 3467 ms, Speed: 0.00 M/s, Resolution: 1920x1080
Name: CCTV-5+, URL: http://t.061899.xyz/tl/tl.php?id=cctv5p, From: subscribe, IPv_Type: ipv6, Location: 美国, ISP: CloudFlare Inc., Date: None, Delay: 3467 ms, Speed: 0.00 M/s, Resolution: 1920x1080
Name: CCTV-6, URL: http://t.061899.xyz/tl/tl.php?id=cctv6, From: subscribe, IPv_Type: ipv6, Location: 美国, ISP: CloudFlare Inc., Date: None, Delay: 3467 ms, Speed: 0.00 M/s, Resolution: 1920x1080
Name: CCTV-7, URL: http://t.061899.xyz/tl/tl.php?id=cctv7, From: subscribe, IPv_Type: ipv6, Location: 美国, ISP: CloudFlare Inc., Date: None, Delay: 3467 ms, Speed: 0.00 M/s, Resolution: 1920x1080
Name: CCTV-8, URL: http://t.061899.xyz/tl/tl.php?id=cctv8, From: subscribe, IPv_Type: ipv6, Location: 美国, ISP: CloudFlare Inc., Date: None, Delay: 3467 ms, Speed: 0.00 M/s, Resolution: 1920x1080
Name: CCTV-9, URL: http://t.061899.xyz/tl/tl.php?id=cctv9, From: subscribe, IPv_Type: ipv6, Location: 美国, ISP: CloudFlare Inc., Date: None, Delay: 3467 ms, Speed: 0.00 M/s, Resolution: 1920x1080
Name: CCTV-10, URL: http://t.061899.xyz/tl/tl.php?id=cctv10, From: subscribe, IPv_Type: ipv6, Location: 美国, ISP: CloudFlare Inc., Date: None, Delay: 3467 ms, Speed: 0.00 M/s, Resolution: 1920x1080
Name: CCTV-11, URL: http://t.061899.xyz/tl/tl.php?id=cctv11, From: subscribe, IPv_Type: ipv6, Location: 美国, ISP: CloudFlare Inc., Date: None, Delay: 3467 ms, Speed: 0.00 M/s, Resolution: 1920x1080
Name: CCTV-12, URL: http://t.061899.xyz/tl/tl.php?id=cctv12, From: subscribe, IPv_Type: ipv6, Location: 美国, ISP: CloudFlare Inc., Date: None, Delay: 3467 ms, Speed: 0.00 M/s, Resolution: 1920x1080
Name: CCTV-13, URL: http://t.061899.xyz/tl/tl.php?id=cctv13, From: subscribe, IPv_Type: ipv6, Location: 美国, ISP: CloudFlare Inc., Date: None, Delay: 3467 ms, Speed: 0.00 M/s, Resolution: 1920x1080
Name: CCTV-14, URL: https://event.pull.hebtv.com/jishi/cp2.m3u8, From: subscribe, IPv_Type: ipv6, Location: 中国, ISP: 中国电信, Date: None, Delay: 3890 ms, Speed: 0.86 M/s, Resolution: 1920x1080
Name: CCTV-14, URL: https://event.pull.hebtv.com/jishi/cp2.m3u8, From: subscribe, IPv_Type: ipv6, Location: 中国, ISP: 中国电信, Date: None, Delay: 3890 ms, Speed: 0.86 M/s, Resolution: 1920x1080
Name: CCTV-14, URL: http://t.061899.xyz/tl/tl.php?id=cctv14, From: subscribe, IPv_Type: ipv6, Location: 美国, ISP: CloudFlare Inc., Date: None, Delay: 3467 ms, Speed: 0.00 M/s, Resolution: 1920x1080
Name: CCTV-15, URL: http://t.061899.xyz/tl/tl.php?id=cctv15, From: subscribe, IPv_Type: ipv6, Location: 美国, ISP: CloudFlare Inc., Date: None, Delay: 3467 ms, Speed: 0.00 M/s, Resolution: 1920x1080
Name: CCTV-16, URL: http://t.061899.xyz/tl/tl.php?id=cctv16, From: subscribe, IPv_Type: ipv6, Location: 美国, ISP: CloudFlare Inc., Date: None, Delay: 3467 ms, Speed: 0.00 M/s, Resolution: 1920x1080
Name: CCTV-17, URL: http://t.061899.xyz/tl/tl.php?id=cctv17, From: subscribe, IPv_Type: ipv6, Location: 美国, ISP: CloudFlare Inc., Date: None, Delay: 3467 ms, Speed: 0.00 M/s, Resolution: 1920x1080
Name: 广东卫视, URL: http://go.bkpcp.top/mg/gdws, From: subscribe, IPv_Type: ipv6, Location: 美国, ISP: CloudFlare Inc., Date: None, Delay: 1281 ms, Speed: 2.80 M/s, Resolution: 1920x1080
Name: 广东卫视, URL: http://go.bkpcp.top/mg/gdws, From: subscribe, IPv_Type: ipv6, Location: 美国, ISP: CloudFlare Inc., Date: None, Delay: 1281 ms, Speed: 2.80 M/s, Resolution: 1920x1080
Name: 广东卫视, URL: http://t.061899.xyz/tl/tl.php?id=gdws, From: subscribe, IPv_Type: ipv6, Location: 美国, ISP: CloudFlare Inc., Date: None, Delay: 3467 ms, Speed: 0.00 M/s, Resolution: 1920x1080
Name: 浙江卫视, URL: http://go.bkpcp.top/mg/zjws, From: subscribe, IPv_Type: ipv6, Location: 美国, ISP: CloudFlare Inc., Date: None, Delay: 1281 ms, Speed: 2.80 M/s, Resolution: 1920x1080
Name: 湖南卫视, URL: http://go.bkpcp.top/mg/hunws, From: subscribe, IPv_Type: ipv6, Location: 美国, ISP: CloudFlare Inc., Date: None, Delay: 1281 ms, Speed: 2.80 M/s, Resolution: 1920x1080
Name: 湖南卫视, URL: http://t.061899.xyz/tl/tl.php?id=hunws, From: subscribe, IPv_Type: ipv6, Location: 美国, ISP: CloudFlare Inc., Date: None, Delay: 3467 ms, Speed: 0.00 M/s, Resolution: 1920x1080
Name: 北京卫视, URL: http://go.bkpcp.top/mg/bjws, From: subscribe, IPv_Type: ipv6, Location: 美国, ISP: CloudFlare Inc., Date: None, Delay: 1281 ms, Speed: 2.80 M/s, Resolution: 1920x1080
Name: 湖北卫视, URL: http://go.bkpcp.top/mg/hubws, From: subscribe, IPv_Type: ipv6, Location: 美国, ISP: CloudFlare Inc., Date: None, Delay: 1281 ms, Speed: 2.80 M/s, Resolution: 1920x1080
Name: 湖北卫视, URL: http://t.061899.xyz/tl/tl.php?id=hubws, From: subscribe, IPv_Type: ipv6, Location: 美国, ISP: CloudFlare Inc., Date: None, Delay: 3467 ms, Speed: 0.00 M/s, Resolution: 1920x1080
Name: 重庆卫视, URL: http://t.061899.xyz/tl/tl.php?id=cqws, From: subscribe, IPv_Type: ipv6, Location: 美国, ISP: CloudFlare Inc., Date: None, Delay: 3467 ms, Speed: 0.00 M/s, Resolution: 1920x1080
Name: 东方卫视, URL: http://go.bkpcp.top/mg/dfws, From: subscribe, IPv_Type: ipv6, Location: 美国, ISP: CloudFlare Inc., Date: None, Delay: 1281 ms, Speed: 2.80 M/s, Resolution: 1920x1080
Name: 东方卫视, URL: http://t.061899.xyz/tl/tl.php?id=dfws, From: subscribe, IPv_Type: ipv6, Location: 美国, ISP: CloudFlare Inc., Date: None, Delay: 3467 ms, Speed: 0.00 M/s, Resolution: 1920x1080
Name: 东南卫视, URL: http://t.061899.xyz/tl/tl.php?id=dnws, From: subscribe, IPv_Type: ipv6, Location: 美国, ISP: CloudFlare Inc., Date: None, Delay: 3467 ms, Speed: 0.00 M/s, Resolution: 1920x1080
Name: 甘肃卫视, URL: http://t.061899.xyz/tl/tl.php?id=gsws, From: subscribe, IPv_Type: ipv6, Location: 美国, ISP: CloudFlare Inc., Date: None, Delay: 3467 ms, Speed: 0.00 M/s, Resolution: 1920x1080
Name: 广西卫视, URL: https://hlscdn.liangtv.cn/live/0c4ef3a44b934cacb8b47121dfada66c/d7e04258157b480dae53883cc6f8123b.m3u8, From: subscribe, IPv_Type: ipv6, Location: 中国-江苏-扬州, ISP: 电信, Date: None, Delay: 783 ms, Speed: 2.53 M/s, Resolution: 1920x1080
Name: 广西卫视, URL: https://hlscdn.liangtv.cn/live/0c4ef3a44b934cacb8b47121dfada66c/d7e04258157b480dae53883cc6f8123b.m3u8, From: subscribe, IPv_Type: ipv6, Location: 中国-江苏-扬州, ISP: 电信, Date: None, Delay: 783 ms, Speed: 2.53 M/s, Resolution: 1920x1080
Name: 广西卫视, URL: http://t.061899.xyz/tl/tl.php?id=gxws, From: subscribe, IPv_Type: ipv6, Location: 美国, ISP: CloudFlare Inc., Date: None, Delay: 3467 ms, Speed: 0.00 M/s, Resolution: 1920x1080
Name: 贵州卫视, URL: http://t.061899.xyz/tl/tl.php?id=gzws, From: subscribe, IPv_Type: ipv6, Location: 美国, ISP: CloudFlare Inc., Date: None, Delay: 3467 ms, Speed: 0.00 M/s, Resolution: 1920x1080
Name: 海南卫视, URL: http://go.bkpcp.top/mg/hinws, From: subscribe, IPv_Type: ipv6, Location: 美国, ISP: CloudFlare Inc., Date: None, Delay: 1281 ms, Speed: 2.80 M/s, Resolution: 1920x1080
Name: 海南卫视, URL: http://t.061899.xyz/tl/tl.php?id=hinws, From: subscribe, IPv_Type: ipv6, Location: 美国, ISP: CloudFlare Inc., Date: None, Delay: 3467 ms, Speed: 0.00 M/s, Resolution: 1920x1080
Name: 河南卫视, URL: http://go.bkpcp.top/mg/hnws, From: subscribe, IPv_Type: ipv6, Location: 美国, ISP: CloudFlare Inc., Date: None, Delay: 1281 ms, Speed: 2.80 M/s, Resolution: 1920x1080
Name: 河南卫视, URL: http://t.061899.xyz/tl/tl.php?id=hnws, From: subscribe, IPv_Type: ipv6, Location: 美国, ISP: CloudFlare Inc., Date: None, Delay: 3467 ms, Speed: 0.00 M/s, Resolution: 1920x1080
Name: 吉林卫视, URL: http://t.061899.xyz/tl/tl.php?id=jlws, From: subscribe, IPv_Type: ipv6, Location: 美国, ISP: CloudFlare Inc., Date: None, Delay: 3467 ms, Speed: 0.00 M/s, Resolution: 1920x1080
Name: 江苏卫视, URL: http://go.bkpcp.top/mg/jsws, From: subscribe, IPv_Type: ipv6, Location: 美国, ISP: CloudFlare Inc., Date: None, Delay: 1281 ms, Speed: 2.80 M/s, Resolution: 1920x1080
Name: 江苏卫视, URL: http://t.061899.xyz/tl/tl.php?id=jsws, From: subscribe, IPv_Type: ipv6, Location: 美国, ISP: CloudFlare Inc., Date: None, Delay: 3467 ms, Speed: 0.00 M/s, Resolution: 1920x1080
Name: 江西卫视, URL: http://go.bkpcp.top/mg/jxws, From: subscribe, IPv_Type: ipv6, Location: 美国, ISP: CloudFlare Inc., Date: None, Delay: 1281 ms, Speed: 2.80 M/s, Resolution: 1920x1080
Name: 江西卫视, URL: http://t.061899.xyz/tl/tl.php?id=jxws, From: subscribe, IPv_Type: ipv6, Location: 美国, ISP: CloudFlare Inc., Date: None, Delay: 3467 ms, Speed: 0.00 M/s, Resolution: 1920x1080
Name: 辽宁卫视, URL: http://t.061899.xyz/tl/tl.php?id=lnws, From: subscribe, IPv_Type: ipv6, Location: 美国, ISP: CloudFlare Inc., Date: None, Delay: 3467 ms, Speed: 0.00 M/s, Resolution: 1920x1080
Name: 内蒙古卫视, URL: http://t.061899.xyz/tl/tl.php?id=nmws, From: subscribe, IPv_Type: ipv6, Location: 美国, ISP: CloudFlare Inc., Date: None, Delay: 3467 ms, Speed: 0.00 M/s, Resolution: 1920x1080
Name: 宁夏卫视, URL: http://t.061899.xyz/tl/tl.php?id=nxws, From: subscribe, IPv_Type: ipv6, Location: 美国, ISP: CloudFlare Inc., Date: None, Delay: 3467 ms, Speed: 0.00 M/s, Resolution: 1920x1080
Name: 青海卫视, URL: https://hls-qhmh.lanzhousobey.cn/qhmh/mhds.m3u8, From: subscribe, IPv_Type: ipv6, Location: 中国, ISP: , Date: None, Delay: 2871 ms, Speed: 0.83 M/s, Resolution: 1920x1080
Name: 青海卫视, URL: https://hls-qhmh.lanzhousobey.cn/qhmh/mhds.m3u8, From: subscribe, IPv_Type: ipv6, Location: 中国, ISP: , Date: None, Delay: 2871 ms, Speed: 0.83 M/s, Resolution: 1920x1080
Name: 青海卫视, URL: http://t.061899.xyz/tl/tl.php?id=qhws, From: subscribe, IPv_Type: ipv6, Location: 美国, ISP: CloudFlare Inc., Date: None, Delay: 3467 ms, Speed: 0.00 M/s, Resolution: 1920x1080
Name: 山东卫视, URL: http://go.bkpcp.top/mg/sdws, From: subscribe, IPv_Type: ipv6, Location: 美国, ISP: CloudFlare Inc., Date: None, Delay: 1281 ms, Speed: 2.80 M/s, Resolution: 1920x1080
Name: 山东卫视, URL: http://t.061899.xyz/tl/tl.php?id=sdws, From: subscribe, IPv_Type: ipv6, Location: 美国, ISP: CloudFlare Inc., Date: None, Delay: 3467 ms, Speed: 0.00 M/s, Resolution: 1920x1080
Name: 陕西卫视, URL: http://go.bkpcp.top/mg/sxws, From: subscribe, IPv_Type: ipv6, Location: 美国, ISP: CloudFlare Inc., Date: None, Delay: 1281 ms, Speed: 2.80 M/s, Resolution: 1920x1080
Name: 陕西卫视, URL: http://t.061899.xyz/tl/tl.php?id=sxws, From: subscribe, IPv_Type: ipv6, Location: 美国, ISP: CloudFlare Inc., Date: None, Delay: 3467 ms, Speed: 0.00 M/s, Resolution: 1920x1080
Name: 西藏卫视, URL: http://php.jdshipin.com/xztv.php?id=ws, From: subscribe, IPv_Type: ipv6, Location: 美国, ISP: CloudFlare Inc., Date: None, Delay: 3753 ms, Speed: 0.34 M/s, Resolution: 1920x1080
Name: 西藏卫视, URL: http://php.jdshipin.com/xztv.php?id=ws, From: subscribe, IPv_Type: ipv6, Location: 美国, ISP: CloudFlare Inc., Date: None, Delay: 3753 ms, Speed: 0.34 M/s, Resolution: 1920x1080
Name: 西藏卫视, URL: http://t.061899.xyz/tl/tl.php?id=xzws, From: subscribe, IPv_Type: ipv6, Location: 美国, ISP: CloudFlare Inc., Date: None, Delay: 3467 ms, Speed: 0.00 M/s, Resolution: 1920x1080
Name: 新疆卫视, URL: http://php.jdshipin.com/TVOD/hljyd.php?id=3221225635, From: subscribe, IPv_Type: ipv6, Location: 美国, ISP: CloudFlare Inc., Date: None, Delay: 3753 ms, Speed: 0.34 M/s, Resolution: 1920x1080
Name: 云南卫视, URL: http://php.jdshipin.com/TVOD/hljyd.php?id=3221226444, From: subscribe, IPv_Type: ipv6, Location: 美国, ISP: CloudFlare Inc., Date: None, Delay: 3753 ms, Speed: 0.34 M/s, Resolution: 1920x1080
Name: 云南卫视, URL: http://t.061899.xyz/tl/tl.php?id=ynws, From: subscribe, IPv_Type: ipv6, Location: 美国, ISP: CloudFlare Inc., Date: None, Delay: 3467 ms, Speed: 0.00 M/s, Resolution: 1920x1080
